// Vitest Snapshot v1, https://vitest.dev/guide/snapshot.html

exports[`cli -> program > action > should take the happy path and generate the new readme file 1`] = `
"# EXPORT

## File structure

\`\`\`
utils
├── .gitignore
├── README.md
├── a.ts
└── package.json

\`\`\`

## File export


/home/nic/projects/mine/utils/.gitignore

\`\`\`\`

\`\`\`\`



---


/home/nic/projects/mine/utils/README.md

\`\`\`\`markdown
# Foo
\`\`\`\`



---


/home/nic/projects/mine/utils/a.ts

\`\`\`\`typescript
console.log(1);
\`\`\`\`



---


/home/nic/projects/mine/utils/package.json

\`\`\`\`json
{"name":"@zweer/export-code","version":"1.2.3","description":"A small utility to export all the repo code into a single md file"}
\`\`\`\`


"
`;
